Archive member included to satisfy reference by file (symbol)

C:/ST/STM32CubeIDE_2.0.0/STM32CubeIDE/plugins/com.st.stm32cube.ide.mcu.externaltools.gnu-tools-for-stm32.13.3.rel1.win32_1.0.100.202509120712/tools/bin/../lib/gcc/arm-none-eabi/13.3.1/../../../../arm-none-eabi/lib/thumb/v7-m/nofp\libc_nano.a(libc_a-exit.o)
                              C:/ST/STM32CubeIDE_2.0.0/STM32CubeIDE/plugins/com.st.stm32cube.ide.mcu.externaltools.gnu-tools-for-stm32.13.3.rel1.win32_1.0.100.202509120712/tools/bin/../lib/gcc/arm-none-eabi/13.3.1/../../../../arm-none-eabi/lib/thumb/v7-m/nofp/crt0.o (exit)
C:/ST/STM32CubeIDE_2.0.0/STM32CubeIDE/plugins/com.st.stm32cube.ide.mcu.externaltools.gnu-tools-for-stm32.13.3.rel1.win32_1.0.100.202509120712/tools/bin/../lib/gcc/arm-none-eabi/13.3.1/../../../../arm-none-eabi/lib/thumb/v7-m/nofp\libc_nano.a(libc_a-findfp.o)
                              C:/ST/STM32CubeIDE_2.0.0/STM32CubeIDE/plugins/com.st.stm32cube.ide.mcu.externaltools.gnu-tools-for-stm32.13.3.rel1.win32_1.0.100.202509120712/tools/bin/../lib/gcc/arm-none-eabi/13.3.1/../../../../arm-none-eabi/lib/thumb/v7-m/nofp\libc_nano.a(libc_a-exit.o) (__stdio_exit_handler)
C:/ST/STM32CubeIDE_2.0.0/STM32CubeIDE/plugins/com.st.stm32cube.ide.mcu.externaltools.gnu-tools-for-stm32.13.3.rel1.win32_1.0.100.202509120712/tools/bin/../lib/gcc/arm-none-eabi/13.3.1/../../../../arm-none-eabi/lib/thumb/v7-m/nofp\libc_nano.a(libc_a-fwalk.o)
                              C:/ST/STM32CubeIDE_2.0.0/STM32CubeIDE/plugins/com.st.stm32cube.ide.mcu.externaltools.gnu-tools-for-stm32.13.3.rel1.win32_1.0.100.202509120712/tools/bin/../lib/gcc/arm-none-eabi/13.3.1/../../../../arm-none-eabi/lib/thumb/v7-m/nofp\libc_nano.a(libc_a-findfp.o) (_fwalk_sglue)
C:/ST/STM32CubeIDE_2.0.0/STM32CubeIDE/plugins/com.st.stm32cube.ide.mcu.externaltools.gnu-tools-for-stm32.13.3.rel1.win32_1.0.100.202509120712/tools/bin/../lib/gcc/arm-none-eabi/13.3.1/../../../../arm-none-eabi/lib/thumb/v7-m/nofp\libc_nano.a(libc_a-stdio.o)
                              C:/ST/STM32CubeIDE_2.0.0/STM32CubeIDE/plugins/com.st.stm32cube.ide.mcu.externaltools.gnu-tools-for-stm32.13.3.rel1.win32_1.0.100.202509120712/tools/bin/../lib/gcc/arm-none-eabi/13.3.1/../../../../arm-none-eabi/lib/thumb/v7-m/nofp\libc_nano.a(libc_a-findfp.o) (__sread)
C:/ST/STM32CubeIDE_2.0.0/STM32CubeIDE/plugins/com.st.stm32cube.ide.mcu.externaltools.gnu-tools-for-stm32.13.3.rel1.win32_1.0.100.202509120712/tools/bin/../lib/gcc/arm-none-eabi/13.3.1/../../../../arm-none-eabi/lib/thumb/v7-m/nofp\libc_nano.a(libc_a-memset.o)
                              C:/ST/STM32CubeIDE_2.0.0/STM32CubeIDE/plugins/com.st.stm32cube.ide.mcu.externaltools.gnu-tools-for-stm32.13.3.rel1.win32_1.0.100.202509120712/tools/bin/../lib/gcc/arm-none-eabi/13.3.1/../../../../arm-none-eabi/lib/thumb/v7-m/nofp/crt0.o (memset)
C:/ST/STM32CubeIDE_2.0.0/STM32CubeIDE/plugins/com.st.stm32cube.ide.mcu.externaltools.gnu-tools-for-stm32.13.3.rel1.win32_1.0.100.202509120712/tools/bin/../lib/gcc/arm-none-eabi/13.3.1/../../../../arm-none-eabi/lib/thumb/v7-m/nofp\libc_nano.a(libc_a-closer.o)
                              C:/ST/STM32CubeIDE_2.0.0/STM32CubeIDE/plugins/com.st.stm32cube.ide.mcu.externaltools.gnu-tools-for-stm32.13.3.rel1.win32_1.0.100.202509120712/tools/bin/../lib/gcc/arm-none-eabi/13.3.1/../../../../arm-none-eabi/lib/thumb/v7-m/nofp\libc_nano.a(libc_a-stdio.o) (_close_r)
C:/ST/STM32CubeIDE_2.0.0/STM32CubeIDE/plugins/com.st.stm32cube.ide.mcu.externaltools.gnu-tools-for-stm32.13.3.rel1.win32_1.0.100.202509120712/tools/bin/../lib/gcc/arm-none-eabi/13.3.1/../../../../arm-none-eabi/lib/thumb/v7-m/nofp\libc_nano.a(libc_a-reent.o)
                              C:/ST/STM32CubeIDE_2.0.0/STM32CubeIDE/plugins/com.st.stm32cube.ide.mcu.externaltools.gnu-tools-for-stm32.13.3.rel1.win32_1.0.100.202509120712/tools/bin/../lib/gcc/arm-none-eabi/13.3.1/../../../../arm-none-eabi/lib/thumb/v7-m/nofp\libc_nano.a(libc_a-closer.o) (errno)
C:/ST/STM32CubeIDE_2.0.0/STM32CubeIDE/plugins/com.st.stm32cube.ide.mcu.externaltools.gnu-tools-for-stm32.13.3.rel1.win32_1.0.100.202509120712/tools/bin/../lib/gcc/arm-none-eabi/13.3.1/../../../../arm-none-eabi/lib/thumb/v7-m/nofp\libc_nano.a(libc_a-impure.o)
                              C:/ST/STM32CubeIDE_2.0.0/STM32CubeIDE/plugins/com.st.stm32cube.ide.mcu.externaltools.gnu-tools-for-stm32.13.3.rel1.win32_1.0.100.202509120712/tools/bin/../lib/gcc/arm-none-eabi/13.3.1/../../../../arm-none-eabi/lib/thumb/v7-m/nofp\libc_nano.a(libc_a-reent.o) (_impure_ptr)
C:/ST/STM32CubeIDE_2.0.0/STM32CubeIDE/plugins/com.st.stm32cube.ide.mcu.externaltools.gnu-tools-for-stm32.13.3.rel1.win32_1.0.100.202509120712/tools/bin/../lib/gcc/arm-none-eabi/13.3.1/../../../../arm-none-eabi/lib/thumb/v7-m/nofp\libc_nano.a(libc_a-lseekr.o)
[...]
Memory Configuration

Name             Origin             Length             Attributes
RAM              0x20000000         0x00005000         xrw
FLASH            0x08000000         0x00010000         xr
*default*        0x00000000         0xffffffff

Linker script and memory map

LOAD C:/ST/STM32CubeIDE_2.0.0/STM32CubeIDE/plugins/com.st.stm32cube.ide.mcu.externaltools.gnu-tools-for-stm32.13.3.rel1.win32_1.0.100.202509120712/tools/bin/../lib/gcc/arm-none-eabi/13.3.1/thumb/v7-m/nofp/crti.o
LOAD C:/ST/STM32CubeIDE_2.0.0/STM32CubeIDE/plugins/com.st.stm32cube.ide.mcu.externaltools.gnu-tools-for-stm32.13.3.rel1.win32_1.0.100.202509120712/tools/bin/../lib/gcc/arm-none-eabi/13.3.1/thumb/v7-m/nofp/crtbegin.o
LOAD C:/ST/STM32CubeIDE_2.0.0/STM32CubeIDE/plugins/com.st.stm32cube.ide.mcu.externaltools.gnu-tools-for-stm32.13.3.rel1.win32_1.0.100.202509120712/tools/bin/../lib/gcc/arm-none-eabi/13.3.1/../../../../arm-none-eabi/lib/thumb/v7-m/nofp/crt0.o
LOAD ./Core/Src/CANSPI.o
LOAD ./Core/Src/MCP2515.o
LOAD ./Core/Src/ai_controller.o
LOAD ./Core/Src/can_interface.o
LOAD ./Core/Src/can_transport.o
LOAD ./Core/Src/fs_ai_protocol.o
LOAD ./Core/Src/main.o
LOAD ./Core/Src/stm32f1xx_hal_msp.o
LOAD ./Core/Src/stm32f1xx_it.o
LOAD ./Core/Src/syscalls.o
LOAD ./Core/Src/sysmem.o
LOAD ./Core/Src/system_stm32f1xx.o
LOAD ./Core/Startup/startup_stm32f103c8tx.o
LOAD ./Drivers/STM32F1xx_HAL_Driver/Src/stm32f1xx_hal.o
LOAD ./Drivers/STM32F1xx_HAL_Driver/Src/stm32f1xx_hal_cortex.o
LOAD ./Drivers/STM32F1xx_HAL_Driver/Src/stm32f1xx_hal_dma.o
LOAD ./Drivers/STM32F1xx_HAL_Driver/Src/stm32f1xx_hal_exti.o
LOAD ./Drivers/STM32F1xx_HAL_Driver/Src/stm32f1xx_hal_flash.o
LOAD ./Drivers/STM32F1xx_HAL_Driver/Src/stm32f1xx_hal_flash_ex.o
LOAD ./Drivers/STM32F1xx_HAL_Driver/Src/stm32f1xx_hal_gpio.o
LOAD ./Drivers/STM32F1xx_HAL_Driver/Src/stm32f1xx_hal_gpio_ex.o
LOAD ./Drivers/STM32F1xx_HAL_Driver/Src/stm32f1xx_hal_i2c.o
LOAD ./Drivers/STM32F1xx_HAL_Driver/Src/stm32f1xx_hal_pwr.o
LOAD ./Drivers/STM32F1xx_HAL_Driver/Src/stm32f1xx_hal_rcc.o
LOAD ./Drivers/STM32F1xx_HAL_Driver/Src/stm32f1xx_hal_rcc_ex.o
LOAD ./Drivers/STM32F1xx_HAL_Driver/Src/stm32f1xx_hal_spi.o
START GROUP
LOAD C:/ST/STM32CubeIDE_2.0.0/STM32CubeIDE/plugins/com.st.stm32cube.ide.mcu.externaltools.gnu-tools-for-stm32.13.3.rel1.win32_1.0.100.202509120712/tools/bin/../lib/gcc/arm-none-eabi/13.3.1/../../../../arm-none-eabi/lib/thumb/v7-m/nofp\libc_nano.a
LOAD C:/ST/STM32CubeIDE_2.0.0/STM32CubeIDE/plugins/com.st.stm32cube.ide.mcu.externaltools.gnu-tools-for-stm32.13.3.rel1.win32_1.0.100.202509120712/tools/bin/../lib/gcc/arm-none-eabi/13.3.1/../../../../arm-none-eabi/lib/thumb/v7-m/nofp\libm.a
END GROUP
START GROUP
LOAD C:/ST/STM32CubeIDE_2.0.0/STM32CubeIDE/plugins/com.st.stm32cube.ide.mcu.externaltools.gnu-tools-for-stm32.13.3.rel1.win32_1.0.100.202509120712/tools/bin/../lib/gcc/arm-none-eabi/13.3.1/thumb/v7-m/nofp\libgcc.a
LOAD C:/ST/STM32CubeIDE_2.0.0/STM32CubeIDE/plugins/com.st.stm32cube.ide.mcu.externaltools.gnu-tools-for-stm32.13.3.rel1.win32_1.0.100.202509120712/tools/bin/../lib/gcc/arm-none-eabi/13.3.1/../../../../arm-none-eabi/lib/thumb/v7-m/nofp\libc_nano.a
END GROUP
START GROUP
LOAD C:/ST/STM32CubeIDE_2.0.0/STM32CubeIDE/plugins/com.st.stm32cube.ide.mcu.externaltools.gnu-tools-for-stm32.13.3.rel1.win32_1.0.100.202509120712/tools/bin/../lib/gcc/arm-none-eabi/13.3.1/thumb/v7-m/nofp\libgcc.a
LOAD C:/ST/STM32CubeIDE_2.0.0/STM32CubeIDE/plugins/com.st.stm32cube.ide.mcu.externaltools.gnu-tools-for-stm32.13.3.rel1.win32_1.0.100.202509120712/tools/bin/../lib/gcc/arm-none-eabi/13.3.1/../../../../arm-none-eabi/lib/thumb/v7-m/nofp\libc_nano.a
LOAD C:/ST/STM32CubeIDE_2.0.0/STM32CubeIDE/plugins/com.st.stm32cube.ide.mcu.externaltools.gnu-tools-for-stm32.13.3.rel1.win32_1.0.100.202509120712/tools/bin/../lib/gcc/arm-none-eabi/13.3.1/../../../../arm-none-eabi/lib/thumb/v7-m/nofp\libnosys.a
END GROUP
START GROUP
LOAD C:/ST/STM32CubeIDE_2.0.0/STM32CubeIDE/plugins/com.st.stm32cube.ide.mcu.externaltools.gnu-tools-for-stm32.13.3.rel1.win32_1.0.100.202509120712/tools/bin/../lib/gcc/arm-none-eabi/13.3.1/thumb/v7-m/nofp\libgcc.a
LOAD C:/ST/STM32CubeIDE_2.0.0/STM32CubeIDE/plugins/com.st.stm32cube.ide.mcu.externaltools.gnu-tools-for-stm32.13.3.rel1.win32_1.0.100.202509120712/tools/bin/../lib/gcc/arm-none-eabi/13.3.1/../../../../arm-none-eabi/lib/thumb/v7-m/nofp\libc_nano.a
LOAD C:/ST/STM32CubeIDE_2.0.0/STM32CubeIDE/plugins/com.st.stm32cube.ide.mcu.externaltools.gnu-tools-for-stm32.13.3.rel1.win32_1.0.100.202509120712/tools/bin/../lib/gcc/arm-none-eabi/13.3.1/../../../../arm-none-eabi/lib/thumb/v7-m/nofp\libnosys.a
END GROUP
LOAD C:/ST/STM32CubeIDE_2.0.0/STM32CubeIDE/plugins/com.st.stm32cube.ide.mcu.externaltools.gnu-tools-for-stm32.13.3.rel1.win32_1.0.100.202509120712/tools/bin/../lib/gcc/arm-none-eabi/13.3.1/thumb/v7-m/nofp/crtend.o
LOAD C:/ST/STM32CubeIDE_2.0.0/STM32CubeIDE/plugins/com.st.stm32cube.ide.mcu.externaltools.gnu-tools-for-stm32.13.3.rel1.win32_1.0.100.202509120712/tools/bin/../lib/gcc/arm-none-eabi/13.3.1/thumb/v7-m/nofp/crtn.o
                0x20005000                        _estack = (ORIGIN (RAM) + LENGTH (RAM))
                0x00000200                        _Min_Heap_Size = 0x200
                0x00000400                        _Min_Stack_Size = 0x400

.isr_vector     0x08000000      0x10c
                0x08000000                        . = ALIGN (0x4)
 *(.isr_vector)
 .isr_vector    0x08000000      0x10c ./Core/Startup/startup_stm32f103c8tx.o
                0x08000000                g_pfnVectors
                0x0800010c                        . = ALIGN (0x4)

.text           0x0800010c     0x4594
                0x0800010c                        . = ALIGN (0x4)
 *(.text)
 .text          0x0800010c       0x40 C:/ST/STM32CubeIDE_2.0.0/STM32CubeIDE/plugins/com.st.stm32cube.ide.mcu.externaltools.gnu-tools-for-stm32.13.3.rel1.win32_1.0.100.202509120712/tools/bin/../lib/gcc/arm-none-eabi/13.3.1/thumb/v7-m/nofp/crtbegin.o
 .text          0x0800014c      0x21c C:/ST/STM32CubeIDE_2.0.0/STM32CubeIDE/plugins/com.st.stm32cube.ide.mcu.externaltools.gnu-tools-for-stm32.13.3.rel1.win32_1.0.100.202509120712/tools/bin/../lib/gcc/arm-none-eabi/13.3.1/thumb/v7-m/nofp\libgcc.a(_arm_addsubsf3.o)
                0x0800014c                __aeabi_frsub
                0x08000154                __subsf3
                0x08000154                __aeabi_fsub
                0x08000158                __aeabi_fadd
                0x08000158                __addsf3
                0x080002b8                __aeabi_ui2f
                0x080002b8                __floatunsisf
                0x080002c0                __aeabi_i2f
                0x080002c0                __floatsisf
                0x080002dc                __aeabi_ul2f
                0x080002dc                __floatundisf
                0x080002ec                __aeabi_l2f
                0x080002ec                __floatdisf
 .text          0x08000368      0x2a0 C:/ST/STM32CubeIDE_2.0.0/STM32CubeIDE/plugins/com.st.stm32cube.ide.mcu.externaltools.gnu-tools-for-stm32.13.3.rel1.win32_1.0.100.202509120712/tools/bin/../lib/gcc/arm-none-eabi/13.3.1/thumb/v7-m/nofp\libgcc.a(_arm_muldivsf3.o)
                0x08000368                __mulsf3
                0x08000368                __aeabi_fmul
                0x080004d0                __aeabi_fdiv
                0x080004d0                __divsf3
 .text          0x08000608       0xec C:/ST/STM32CubeIDE_2.0.0/STM32CubeIDE/plugins/com.st.stm32cube.ide.mcu.externaltools.gnu-tools-for-stm32.13.3.rel1.win32_1.0.100.202509120712/tools/bin/../lib/gcc/arm-none-eabi/13.3.1/thumb/v7-m/nofp\libgcc.a(_arm_cmpsf2.o)
                0x08000608                __gesf2
                0x08000608                __gtsf2
                0x08000610                __lesf2
                0x08000610                __ltsf2
                0x08000618                __nesf2
                0x08000618                __eqsf2
                0x08000618                __cmpsf2
                0x08000678                __aeabi_cfrcmple
                0x08000680                __aeabi_cfcmpeq
                0x08000680                __aeabi_cfcmple
                0x08000690                __aeabi_fcmpeq
                0x080006a4                __aeabi_fcmplt
                0x080006b8                __aeabi_fcmple
                0x080006cc                __aeabi_fcmpge
                0x080006e0                __aeabi_fcmpgt
 .text          0x080006f4       0x4c C:/ST/STM32CubeIDE_2.0.0/STM32CubeIDE/plugins/com.st.stm32cube.ide.mcu.externaltools.gnu-tools-for-stm32.13.3.rel1.win32_1.0.100.202509120712/tools/bin/../lib/gcc/arm-none-eabi/13.3.1/thumb/v7-m/nofp\libgcc.a(_arm_fixsfsi.o)
                0x080006f4                __aeabi_f2iz
                0x080006f4                __fixsfsi
 .text          0x08000740       0x40 C:/ST/STM32CubeIDE_2.0.0/STM32CubeIDE/plugins/com.st.stm32cube.ide.mcu.externaltools.gnu-tools-for-stm32.13.3.rel1.win32_1.0.100.202509120712/tools/bin/../lib/gcc/arm-none-eabi/13.3.1/thumb/v7-m/nofp\libgcc.a(_arm_fixunssfsi.o)
                0x08000740                __fixunssfsi
                0x08000740                __aeabi_f2uiz
 *(.text*)
 .text.CANSPI_Initialize
                0x08000780      0x160 ./Core/Src/CANSPI.o
                0x08000780                CANSPI_Initialize
 .text.CANSPI_Transmit
                0x080008e0       0xf0 ./Core/Src/CANSPI.o
                0x080008e0                CANSPI_Transmit
 .text.CANSPI_Receive
                0x080009d0       0xf8 ./Core/Src/CANSPI.o
                0x080009d0                CANSPI_Receive
 .text.CANSPI_messagesInBuffer
                0x08000ac8       0x4c ./Core/Src/CANSPI.o
                0x08000ac8                CANSPI_messagesInBuffer
 .text.CANSPI_isBussOff
                0x08000b14       0x38 ./Core/Src/CANSPI.o
                0x08000b14                CANSPI_isBussOff
 .text.CANSPI_isRxErrorPassive
                0x08000b4c       0x38 ./Core/Src/CANSPI.o
                0x08000b4c                CANSPI_isRxErrorPassive
 .text.CANSPI_isTxErrorPassive
                0x08000b84       0x38 ./Core/Src/CANSPI.o
                0x08000b84                CANSPI_isTxErrorPassive
 .text.convertReg2ExtendedCANid
                0x08000bbc       0x7c ./Core/Src/CANSPI.o
 .text.convertReg2StandardCANid
                0x08000c38       0x38 ./Core/Src/CANSPI.o
 .text.convertCANid2Reg
                0x08000c70       0xa8 ./Core/Src/CANSPI.o
 .text.CANSPI_ReadEFLG
                0x08000d18       0x10 ./Core/Src/CANSPI.o
                0x08000d18                CANSPI_ReadEFLG
 .text.CANSPI_RecoverIfNeeded
                0x08000d28       0x32 ./Core/Src/CANSPI.o
                0x08000d28                CANSPI_RecoverIfNeeded
 .text.CANSPI_TransmitWait
                0x08000d5a       0x3c ./Core/Src/CANSPI.o
                0x08000d5a                CANSPI_TransmitWait
 *fill*         0x08000d96        0x2 
 .text.MCP2515_Initialize
                0x08000d98       0x44 ./Core/Src/MCP2515.o
                0x08000d98                MCP2515_Initialize
 .text.MCP2515_SetConfigMode
                0x08000ddc       0x3c ./Core/Src/MCP2515.o
                0x08000ddc                MCP2515_SetConfigMode
 .text.MCP2515_SetNormalMode
                0x08000e18       0x3c ./Core/Src/MCP2515.o
                0x08000e18                MCP2515_SetNormalMode
 .text.MCP2515_Reset
                0x08000e54       0x28 ./Core/Src/MCP2515.o
                0x08000e54                MCP2515_Reset
 .text.MCP2515_ReadByte
                0x08000e7c       0x44 ./Core/Src/MCP2515.o
                0x08000e7c                MCP2515_ReadByte
 .text.MCP2515_ReadRxSequence
                0x08000ec0       0x44 ./Core/Src/MCP2515.o
                0x08000ec0                MCP2515_ReadRxSequence
 .text.MCP2515_WriteByte
                0x08000f04       0x48 ./Core/Src/MCP2515.o
                0x08000f04                MCP2515_WriteByte
 .text.MCP2515_WriteByteSequence
                0x08000f4c       0x54 ./Core/Src/MCP2515.o
                0x08000f4c                MCP2515_WriteByteSequence
 .text.MCP2515_LoadTxSequence
                0x08000fa0       0x54 ./Core/Src/MCP2515.o
                0x08000fa0                MCP2515_LoadTxSequence
 .text.MCP2515_RequestToSend
                0x08000ff4       0x34 ./Core/Src/MCP2515.o
                0x08000ff4                MCP2515_RequestToSend
 .text.MCP2515_ReadStatus
                0x08001028       0x38 ./Core/Src/MCP2515.o
                0x08001028                MCP2515_ReadStatus
 .text.MCP2515_GetRxStatus
                0x08001060       0x38 ./Core/Src/MCP2515.o
                0x08001060                MCP2515_GetRxStatus
 .text.MCP2515_BitModify
                0x08001098       0x50 ./Core/Src/MCP2515.o
                0x08001098                MCP2515_BitModify
 .text.SPI_Tx   0x080010e8       0x24 ./Core/Src/MCP2515.o
 .text.SPI_TxBuffer
                0x0800110c       0x28 ./Core/Src/MCP2515.o
 .text.SPI_Rx   0x08001134       0x20 ./Core/Src/MCP2515.o
 .text.SPI_RxBuffer
                0x08001154       0x28 ./Core/Src/MCP2515.o
 .text.ai_controller_init
                0x0800117c       0x4c ./Core/Src/ai_controller.o
                0x0800117c                ai_controller_init
 .text.ai_controller_update
                0x080011c8       0x74 ./Core/Src/ai_controller.o
                0x080011c8                ai_controller_update
 .text.ai_controller_get_state
                0x0800123c       0x14 ./Core/Src/ai_controller.o
                0x0800123c                ai_controller_get_state
 .text.ai_set_control
                0x08001250       0x48 ./Core/Src/ai_controller.o
                0x08001250                ai_set_control
 .text.ai_set_mission_status
                0x08001298       0x38 ./Core/Src/ai_controller.o
                0x08001298                ai_set_mission_status
 .text.ai_set_mission_progress
                0x080012d0       0x30 ./Core/Src/ai_controller.o
                0x080012d0                ai_set_mission_progress
 .text.ai_set_dynamics
                0x08001300       0x44 ./Core/Src/ai_controller.o
                0x08001300                ai_set_dynamics
 .text.ai_get_vehicle_state
                0x08001344       0x38 ./Core/Src/ai_controller.o
                0x08001344                ai_get_vehicle_state
 .text.ai_get_average_wheel_speed
                0x0800137c       0x54 ./Core/Src/ai_controller.o
                0x0800137c                ai_get_average_wheel_speed
 .text.ai_get_steering_feedback
                0x080013d0       0x14 ./Core/Src/ai_controller.o
                0x080013d0                ai_get_steering_feedback
 .text.ai_is_healthy
                0x080013e4       0x38 ./Core/Src/ai_controller.o
                0x080013e4                ai_is_healthy
 .text.can_interface_init
                0x0800141c       0x40 ./Core/Src/can_interface.o
                0x0800141c                can_interface_init
 .text.can_interface_recover
                0x0800145c       0x24 ./Core/Src/can_interface.o
                0x0800145c                can_interface_recover
 .text.can_interface_send
                0x08001480       0x44 ./Core/Src/can_interface.o
                0x08001480                can_interface_send
 .text.can_interface_send_all
                0x080014c4      0x144 ./Core/Src/can_interface.o
                0x080014c4                can_interface_send_all
 .text.can_interface_receive
                0x08001608      0x200 ./Core/Src/can_interface.o
                0x08001608                can_interface_receive
 .text.can_interface_process_all
                0x08001808       0x32 ./Core/Src/can_interface.o
                0x08001808                can_interface_process_all
 .text.can_interface_get_health
                0x0800183a       0x3e ./Core/Src/can_interface.o
                0x0800183a                can_interface_get_health
 .text.can_interface_is_rx_timeout
                0x08001878       0x30 ./Core/Src/can_interface.o
                0x08001878                can_interface_is_rx_timeout
 .text.can_interface_update_watchdog
                0x080018a8       0x40 ./Core/Src/can_interface.o
                0x080018a8                can_interface_update_watchdog
 .text.can_interface_get_rx_age_ms
                0x080018e8       0x18 ./Core/Src/can_interface.o
                0x080018e8                can_interface_get_rx_age_ms
 .text.transport_state_init
                0x08001900       0x40 ./Core/Src/can_transport.o
 .text.transport_state_handshake
                0x08001940       0x3c ./Core/Src/can_transport.o
 .text.transport_state_ready
                0x0800197c       0x44 ./Core/Src/can_transport.o
 .text.transport_state_error
                0x080019c0       0x48 ./Core/Src/can_transport.o
 .text.should_transmit
                0x08001a08       0x2c ./Core/Src/can_transport.o
 .text.update_watchdog
                0x08001a34       0x30 ./Core/Src/can_transport.o
 .text.can_transport_init
                0x08001a64       0x18 ./Core/Src/can_transport.o
                0x08001a64                can_transport_init
 .text.can_transport_update
                0x08001a7c       0x98 ./Core/Src/can_transport.o
                0x08001a7c                can_transport_update
 .text.can_transport_is_error
                0x08001b14       0x20 ./Core/Src/can_transport.o
                0x08001b14                can_transport_is_error
 .text.can_transport_get_health
                0x08001b34        0xe ./Core/Src/can_transport.o
                0x08001b34                can_transport_get_health
 .text.can_transport_get_last_vcu_msg_age_ms
                0x08001b42        0xe ./Core/Src/can_transport.o
                0x08001b42                can_transport_get_last_vcu_msg_age_ms
 .text.fs_ai_protocol_encode_status
                0x08001b50       0xca ./Core/Src/fs_ai_protocol.o
                0x08001b50                fs_ai_protocol_encode_status
 *fill*         0x08001c1a        0x2 
 .text.fs_ai_protocol_encode_drive_f
                0x08001c1c       0xf4 ./Core/Src/fs_ai_protocol.o
                0x08001c1c                fs_ai_protocol_encode_drive_f
 .text.fs_ai_protocol_encode_drive_r
                0x08001d10       0xf4 ./Core/Src/fs_ai_protocol.o
                0x08001d10                fs_ai_protocol_encode_drive_r
 .text.fs_ai_protocol_encode_steer
                0x08001e04       0xa8 ./Core/Src/fs_ai_protocol.o
                0x08001e04                fs_ai_protocol_encode_steer
 .text.fs_ai_protocol_encode_brake
                0x08001eac       0xdc ./Core/Src/fs_ai_protocol.o
                0x08001eac                fs_ai_protocol_encode_brake
 .text.fs_ai_protocol_encode_dynamics
                0x08001f88       0xd0 ./Core/Src/fs_ai_protocol.o
                0x08001f88                fs_ai_protocol_encode_dynamics
 .text.fs_ai_protocol_decode_status
                0x08002058       0xa0 ./Core/Src/fs_ai_protocol.o
                0x08002058                fs_ai_protocol_decode_status
 .text.fs_ai_protocol_decode_drive_f
                0x080020f8       0x60 ./Core/Src/fs_ai_protocol.o
                0x080020f8                fs_ai_protocol_decode_drive_f
 .text.fs_ai_protocol_decode_drive_r
                0x08002158       0x60 ./Core/Src/fs_ai_protocol.o
                0x08002158                fs_ai_protocol_decode_drive_r
 .text.fs_ai_protocol_decode_steer
                0x080021b8       0x90 ./Core/Src/fs_ai_protocol.o
                0x080021b8                fs_ai_protocol_decode_steer
 .text.fs_ai_protocol_decode_brake
                0x08002248       0x68 ./Core/Src/fs_ai_protocol.o
                0x08002248                fs_ai_protocol_decode_brake
 .text.fs_ai_protocol_decode_speeds
                0x080022b0       0xbc ./Core/Src/fs_ai_protocol.o
                0x080022b0                fs_ai_protocol_decode_speeds
 .text.led_indicator_update
                0x0800236c       0xd4 ./Core/Src/main.o
 .text.recovery_check
                0x08002440       0x28 ./Core/Src/main.o
 .text.ai_algorithm
                0x08002468       0xac ./Core/Src/main.o
 .text.main     0x08002514       0x88 ./Core/Src/main.o
                0x08002514                main
 .text.SystemClock_Config
                0x0800259c       0x8a ./Core/Src/main.o
 *fill*         0x08002626        0x2 
 .text.MX_I2C1_Init
                0x08002628       0x5c ./Core/Src/main.o
 .text.MX_SPI1_Init
                0x08002684       0x6c ./Core/Src/main.o
 .text.MX_GPIO_Init
                0x080026f0       0xd8 ./Core/Src/main.o
 .text.Error_Handler
                0x080027c8       0x20 ./Core/Src/main.o
                0x080027c8                Error_Handler
 .text.HAL_MspInit
                0x080027e8       0x64 ./Core/Src/stm32f1xx_hal_msp.o
                0x080027e8                HAL_MspInit
 .text.HAL_I2C_MspInit
                0x0800284c       0x7c ./Core/Src/stm32f1xx_hal_msp.o
                0x0800284c                HAL_I2C_MspInit
 .text.HAL_SPI_MspInit
                0x080028c8       0x94 ./Core/Src/stm32f1xx_hal_msp.o
                0x080028c8                HAL_SPI_MspInit
 .text.NMI_Handler
                0x0800295c        0x8 ./Core/Src/stm32f1xx_it.o
                0x0800295c                NMI_Handler
 .text.HardFault_Handler
                0x08002964        0x8 ./Core/Src/stm32f1xx_it.o
                0x08002964                HardFault_Handler
 .text.MemManage_Handler
                0x0800296c        0x8 ./Core/Src/stm32f1xx_it.o
                0x0800296c                MemManage_Handler
 .text.BusFault_Handler
                0x08002974        0x8 ./Core/Src/stm32f1xx_it.o
                0x08002974                BusFault_Handler
 .text.UsageFault_Handler
                0x0800297c        0x8 ./Core/Src/stm32f1xx_it.o
                0x0800297c                UsageFault_Handler
 .text.SVC_Handler
                0x08002984        0xc ./Core/Src/stm32f1xx_it.o
                0x08002984                SVC_Handler
 .text.DebugMon_Handler
                0x08002990        0xc ./Core/Src/stm32f1xx_it.o
                0x08002990                DebugMon_Handler
 .text.PendSV_Handler
                0x0800299c        0xc ./Core/Src/stm32f1xx_it.o
                0x0800299c                PendSV_Handler
 .text.SysTick_Handler
                0x080029a8        0xc ./Core/Src/stm32f1xx_it.o
                0x080029a8                SysTick_Handler
 .text.SystemInit
                0x080029b4        0xc ./Core/Src/system_stm32f1xx.o
                0x080029b4                SystemInit
 .text.Reset_Handler
                0x080029c0       0x48 ./Core/Startup/startup_stm32f103c8tx.o
                0x080029c0                Reset_Handler
 .text.Default_Handler
                0x08002a08        0x2 ./Core/Startup/startup_stm32f103c8tx.o
                0x08002a08                RTC_Alarm_IRQHandler
                0x08002a08                EXTI2_IRQHandler
                0x08002a08                TIM1_CC_IRQHandler
                0x08002a08                PVD_IRQHandler
                0x08002a08                EXTI3_IRQHandler
                0x08002a08                EXTI0_IRQHandler
                0x08002a08                I2C2_EV_IRQHandler
                0x08002a08                ADC1_2_IRQHandler
                0x08002a08                SPI1_IRQHandler
                0x08002a08                TAMPER_IRQHandler
                0x08002a08                DMA1_Channel4_IRQHandler
                0x08002a08                USART3_IRQHandler
                0x08002a08                RTC_IRQHandler
                0x08002a08                DMA1_Channel7_IRQHandler
                0x08002a08                CAN1_RX1_IRQHandler
                0x08002a08                TIM4_IRQHandler
                0x08002a08                I2C1_EV_IRQHandler
                0x08002a08                DMA1_Channel6_IRQHandler
                0x08002a08                TIM3_IRQHandler
                0x08002a08                RCC_IRQHandler
                0x08002a08                TIM1_TRG_COM_IRQHandler
                0x08002a08                DMA1_Channel1_IRQHandler
                0x08002a08                Default_Handler
                0x08002a08                EXTI15_10_IRQHandler
                0x08002a08                EXTI9_5_IRQHandler
                0x08002a08                SPI2_IRQHandler
                0x08002a08                DMA1_Channel5_IRQHandler
                0x08002a08                EXTI4_IRQHandler
                0x08002a08                USB_LP_CAN1_RX0_IRQHandler
                0x08002a08                USB_HP_CAN1_TX_IRQHandler
                0x08002a08                DMA1_Channel3_IRQHandler
                0x08002a08                TIM1_UP_IRQHandler
                0x08002a08                WWDG_IRQHandler
                0x08002a08                TIM2_IRQHandler
                0x08002a08                TIM1_BRK_IRQHandler
                0x08002a08                EXTI1_IRQHandler
                0x08002a08                USART2_IRQHandler
                0x08002a08                I2C2_ER_IRQHandler
                0x08002a08                DMA1_Channel2_IRQHandler
                0x08002a08                CAN1_SCE_IRQHandler
                0x08002a08                FLASH_IRQHandler
                0x08002a08                USART1_IRQHandler
                0x08002a08                I2C1_ER_IRQHandler
                0x08002a08                USBWakeUp_IRQHandler
 *fill*         0x08002a0a        0x2 
 .text.HAL_Init
                0x08002a0c       0x2c ./Drivers/STM32F1xx_HAL_Driver/Src/stm32f1xx_hal.o
                0x08002a0c                HAL_Init
 .text.HAL_InitTick
                0x08002a38       0x60 ./Drivers/STM32F1xx_HAL_Driver/Src/stm32f1xx_hal.o
                0x08002a38                HAL_InitTick
 .text.HAL_IncTick
                0x08002a98       0x24 ./Drivers/STM32F1xx_HAL_Driver/Src/stm32f1xx_hal.o
                0x08002a98                HAL_IncTick
 .text.HAL_GetTick
                0x08002abc       0x14 ./Drivers/STM32F1xx_HAL_Driver/Src/stm32f1xx_hal.o
                0x08002abc                HAL_GetTick
 .text.HAL_Delay
                0x08002ad0       0x48 ./Drivers/STM32F1xx_HAL_Driver/Src/stm32f1xx_hal.o
                0x08002ad0                HAL_Delay
 .text.__NVIC_SetPriorityGrouping
                0x08002b18       0x48 ./Drivers/STM32F1xx_HAL_Driver/Src/stm32f1xx_hal_cortex.o
 .text.__NVIC_GetPriorityGrouping
                0x08002b60       0x1c ./Drivers/STM32F1xx_HAL_Driver/Src/stm32f1xx_hal_cortex.o
 .text.__NVIC_SetPriority
                0x08002b7c       0x54 ./Drivers/STM32F1xx_HAL_Driver/Src/stm32f1xx_hal_cortex.o
 .text.NVIC_EncodePriority
                0x08002bd0       0x64 ./Drivers/STM32F1xx_HAL_Driver/Src/stm32f1xx_hal_cortex.o
 .text.SysTick_Config
                0x08002c34       0x44 ./Drivers/STM32F1xx_HAL_Driver/Src/stm32f1xx_hal_cortex.o
 .text.HAL_NVIC_SetPriorityGrouping
                0x08002c78       0x16 ./Drivers/STM32F1xx_HAL_Driver/Src/stm32f1xx_hal_cortex.o
                0x08002c78                HAL_NVIC_SetPriorityGrouping
 .text.HAL_NVIC_SetPriority
                0x08002c8e       0x38 ./Drivers/STM32F1xx_HAL_Driver/Src/stm32f1xx_hal_cortex.o
                0x08002c8e                HAL_NVIC_SetPriority
 .text.HAL_SYSTICK_Config
                0x08002cc6       0x18 ./Drivers/STM32F1xx_HAL_Driver/Src/stm32f1xx_hal_cortex.o
                0x08002cc6                HAL_SYSTICK_Config
 *fill*         0x08002cde        0x2 
 .text.HAL_GPIO_Init
                0x08002ce0      0x308 ./Drivers/STM32F1xx_HAL_Driver/Src/stm32f1xx_hal_gpio.o
                0x08002ce0                HAL_GPIO_Init
 .text.HAL_GPIO_WritePin
                0x08002fe8       0x30 ./Drivers/STM32F1xx_HAL_Driver/Src/stm32f1xx_hal_gpio.o
                0x08002fe8                HAL_GPIO_WritePin
 .text.HAL_GPIO_TogglePin
                0x08003018       0x32 ./Drivers/STM32F1xx_HAL_Driver/Src/stm32f1xx_hal_gpio.o
                0x08003018                HAL_GPIO_TogglePin
 *fill*         0x0800304a        0x2 
 .text.HAL_I2C_Init
                0x0800304c      0x288 ./Drivers/STM32F1xx_HAL_Driver/Src/stm32f1xx_hal_i2c.o
                0x0800304c                HAL_I2C_Init
 .text.HAL_RCC_OscConfig
                0x080032d4      0x504 ./Drivers/STM32F1xx_HAL_Driver/Src/stm32f1xx_hal_rcc.o
                0x080032d4                HAL_RCC_OscConfig
 .text.HAL_RCC_ClockConfig
                0x080037d8      0x1d4 ./Drivers/STM32F1xx_HAL_Driver/Src/stm32f1xx_hal_rcc.o
                0x080037d8                HAL_RCC_ClockConfig
 .text.HAL_RCC_GetSysClockFreq
                0x080039ac       0xa8 ./Drivers/STM32F1xx_HAL_Driver/Src/stm32f1xx_hal_rcc.o
                0x080039ac                HAL_RCC_GetSysClockFreq
 .text.HAL_RCC_GetHCLKFreq
                0x08003a54       0x14 ./Drivers/STM32F1xx_HAL_Driver/Src/stm32f1xx_hal_rcc.o
                0x08003a54                HAL_RCC_GetHCLKFreq
 .text.HAL_RCC_GetPCLK1Freq
                0x08003a68       0x28 ./Drivers/STM32F1xx_HAL_Driver/Src/stm32f1xx_hal_rcc.o
                0x08003a68                HAL_RCC_GetPCLK1Freq
 .text.RCC_Delay
                0x08003a90       0x3c ./Drivers/STM32F1xx_HAL_Driver/Src/stm32f1xx_hal_rcc.o
 .text.HAL_SPI_Init
                0x08003acc      0x108 ./Drivers/STM32F1xx_HAL_Driver/Src/stm32f1xx_hal_spi.o
                0x08003acc                HAL_SPI_Init
 .text.HAL_SPI_Transmit
                0x08003bd4      0x288 ./Drivers/STM32F1xx_HAL_Driver/Src/stm32f1xx_hal_spi.o
                0x08003bd4                HAL_SPI_Transmit
 .text.HAL_SPI_Receive
                0x08003e5c      0x232 ./Drivers/STM32F1xx_HAL_Driver/Src/stm32f1xx_hal_spi.o
                0x08003e5c                HAL_SPI_Receive
 .text.HAL_SPI_TransmitReceive
                0x0800408e      0x352 ./Drivers/STM32F1xx_HAL_Driver/Src/stm32f1xx_hal_spi.o
                0x0800408e                HAL_SPI_TransmitReceive
 .text.HAL_SPI_GetState
                0x080043e0       0x1a ./Drivers/STM32F1xx_HAL_Driver/Src/stm32f1xx_hal_spi.o
                0x080043e0                HAL_SPI_GetState
 *fill*         0x080043fa        0x2 
 .text.SPI_WaitFlagStateUntilTimeout
                0x080043fc      0x110 ./Drivers/STM32F1xx_HAL_Driver/Src/stm32f1xx_hal_spi.o
 .text.SPI_EndRxTransaction
                0x0800450c       0xa4 ./Drivers/STM32F1xx_HAL_Driver/Src/stm32f1xx_hal_spi.o
 .text.SPI_EndRxTxTransaction
                0x080045b0       0x62 ./Drivers/STM32F1xx_HAL_Driver/Src/stm32f1xx_hal_spi.o
 .text.memset   0x08004612       0x10 C:/ST/STM32CubeIDE_2.0.0/STM32CubeIDE/plugins/com.st.stm32cube.ide.mcu.externaltools.gnu-tools-for-stm32.13.3.rel1.win32_1.0.100.202509120712/tools/bin/../lib/gcc/arm-none-eabi/13.3.1/../../../../arm-none-eabi/lib/thumb/v7-m/nofp\libc_nano.a(libc_a-memset.o)
                0x08004612                memset
 *fill*         0x08004622        0x2 
 .text.__libc_init_array
                0x08004624       0x48 C:/ST/STM32CubeIDE_2.0.0/STM32CubeIDE/plugins/com.st.stm32cube.ide.mcu.externaltools.gnu-tools-for-stm32.13.3.rel1.win32_1.0.100.202509120712/tools/bin/../lib/gcc/arm-none-eabi/13.3.1/../../../../arm-none-eabi/lib/thumb/v7-m/nofp\libc_nano.a(libc_a-init.o)
                0x08004624                __libc_init_array
 .text.memcpy   0x0800466c       0x1c C:/ST/STM32CubeIDE_2.0.0/STM32CubeIDE/plugins/com.st.stm32cube.ide.mcu.externaltools.gnu-tools-for-stm32.13.3.rel1.win32_1.0.100.202509120712/tools/bin/../lib/gcc/arm-none-eabi/13.3.1/../../../../arm-none-eabi/lib/thumb/v7-m/nofp\libc_nano.a(libc_a-memcpy-stub.o)
                0x0800466c                memcpy
 *(.glue_7)
 .glue_7        0x08004688        0x0 linker stubs
 *(.glue_7t)
 .glue_7t       0x08004688        0x0 linker stubs
 *(.eh_frame)
 .eh_frame      0x08004688        0x0 C:/ST/STM32CubeIDE_2.0.0/STM32CubeIDE/plugins/com.st.stm32cube.ide.mcu.externaltools.gnu-tools-for-stm32.13.3.rel1.win32_1.0.100.202509120712/tools/bin/../lib/gcc/arm-none-eabi/13.3.1/thumb/v7-m/nofp/crtbegin.o
 *(.init)
 .init          0x08004688        0x4 C:/ST/STM32CubeIDE_2.0.0/STM32CubeIDE/plugins/com.st.stm32cube.ide.mcu.externaltools.gnu-tools-for-stm32.13.3.rel1.win32_1.0.100.202509120712/tools/bin/../lib/gcc/arm-none-eabi/13.3.1/thumb/v7-m/nofp/crti.o
                0x08004688                _init
 .init          0x0800468c        0x8 C:/ST/STM32CubeIDE_2.0.0/STM32CubeIDE/plugins/com.st.stm32cube.ide.mcu.externaltools.gnu-tools-for-stm32.13.3.rel1.win32_1.0.100.202509120712/tools/bin/../lib/gcc/arm-none-eabi/13.3.1/thumb/v7-m/nofp/crtn.o
 *(.fini)
 .fini          0x08004694        0x4 C:/ST/STM32CubeIDE_2.0.0/STM32CubeIDE/plugins/com.st.stm32cube.ide.mcu.externaltools.gnu-tools-for-stm32.13.3.rel1.win32_1.0.100.202509120712/tools/bin/../lib/gcc/arm-none-eabi/13.3.1/thumb/v7-m/nofp/crti.o
                0x08004694                _fini
 .fini          0x08004698        0x8 C:/ST/STM32CubeIDE_2.0.0/STM32CubeIDE/plugins/com.st.stm32cube.ide.mcu.externaltools.gnu-tools-for-stm32.13.3.rel1.win32_1.0.100.202509120712/tools/bin/../lib/gcc/arm-none-eabi/13.3.1/thumb/v7-m/nofp/crtn.o
                0x080046a0                        . = ALIGN (0x4)
                0x080046a0                        _etext = .

.vfp11_veneer   0x080046a0        0x0
 .vfp11_veneer  0x080046a0        0x0 linker stubs

.v4_bx          0x080046a0        0x0
 .v4_bx         0x080046a0        0x0 linker stubs

.iplt           0x080046a0        0x0
 .iplt          0x080046a0        0x0 C:/ST/STM32CubeIDE_2.0.0/STM32CubeIDE/plugins/com.st.stm32cube.ide.mcu.externaltools.gnu-tools-for-stm32.13.3.rel1.win32_1.0.100.202509120712/tools/bin/../lib/gcc/arm-none-eabi/13.3.1/thumb/v7-m/nofp/crtbegin.o

.rodata         0x080046a0       0x2c
                0x080046a0                        . = ALIGN (0x4)
 *(.rodata)
 *(.rodata*)
 .rodata.AHBPrescTable
                0x080046a0       0x10 ./Core/Src/system_stm32f1xx.o
                0x080046a0                AHBPrescTable
 .rodata.APBPrescTable
                0x080046b0        0x8 ./Core/Src/system_stm32f1xx.o
                0x080046b0                APBPrescTable
 .rodata.aPLLMULFactorTable.1
                0x080046b8       0x10 ./Drivers/STM32F1xx_HAL_Driver/Src/stm32f1xx_hal_rcc.o
 .rodata.aPredivFactorTable.0
                0x080046c8        0x2 ./Drivers/STM32F1xx_HAL_Driver/Src/stm32f1xx_hal_rcc.o
                0x080046cc                        . = ALIGN (0x4)
 *fill*         0x080046ca        0x2 

.ARM.extab      0x080046cc        0x0
                0x080046cc                        . = ALIGN (0x4)
 *(.ARM.extab* .gnu.linkonce.armextab.*)
                0x080046cc                        . = ALIGN (0x4)

.ARM            0x080046cc        0x0
                0x080046cc                        . = ALIGN (0x4)
                0x080046cc                        __exidx_start = .
 *(.ARM.exidx*)
                0x080046cc                        __exidx_end = .
                0x080046cc                        . = ALIGN (0x4)

.preinit_array  0x080046cc        0x0
                0x080046cc                        . = ALIGN (0x4)
                0x080046cc                        PROVIDE (__preinit_array_start = .)
 *(.preinit_array*)
                0x080046cc                        PROVIDE (__preinit_array_end = .)
                0x080046cc                        . = ALIGN (0x4)

.init_array     0x080046cc        0x4
                0x080046cc                        . = ALIGN (0x4)
                0x080046cc                        PROVIDE (__init_array_start = .)
 *(SORT_BY_NAME(.init_array.*))
 *(.init_array*)
 .init_array    0x080046cc        0x4 C:/ST/STM32CubeIDE_2.0.0/STM32CubeIDE/plugins/com.st.stm32cube.ide.mcu.externaltools.gnu-tools-for-stm32.13.3.rel1.win32_1.0.100.202509120712/tools/bin/../lib/gcc/arm-none-eabi/13.3.1/thumb/v7-m/nofp/crtbegin.o
                0x080046d0                        PROVIDE (__init_array_end = .)
                0x080046d0                        . = ALIGN (0x4)

.fini_array     0x080046d0        0x4
                0x080046d0                        . = ALIGN (0x4)
                [!provide]                        PROVIDE (__fini_array_start = .)
 *(SORT_BY_NAME(.fini_array.*))
 *(.fini_array*)
 .fini_array    0x080046d0        0x4 C:/ST/STM32CubeIDE_2.0.0/STM32CubeIDE/plugins/com.st.stm32cube.ide.mcu.externaltools.gnu-tools-for-stm32.13.3.rel1.win32_1.0.100.202509120712/tools/bin/../lib/gcc/arm-none-eabi/13.3.1/thumb/v7-m/nofp/crtbegin.o
                [!provide]                        PROVIDE (__fini_array_end = .)
                0x080046d4                        . = ALIGN (0x4)
                0x080046d4                        _sidata = LOADADDR (.data)

.rel.dyn        0x080046d4        0x0
 .rel.iplt      0x080046d4        0x0 C:/ST/STM32CubeIDE_2.0.0/STM32CubeIDE/plugins/com.st.stm32cube.ide.mcu.externaltools.gnu-tools-for-stm32.13.3.rel1.win32_1.0.100.202509120712/tools/bin/../lib/gcc/arm-none-eabi/13.3.1/thumb/v7-m/nofp/crtbegin.o

.data           0x20000000        0xc load address 0x080046d4
                0x20000000                        . = ALIGN (0x4)
                0x20000000                        _sdata = .
 *(.data)
 *(.data*)
 .data.SystemCoreClock
                0x20000000        0x4 ./Core/Src/system_stm32f1xx.o
                0x20000000                SystemCoreClock
 .data.uwTickPrio
                0x20000004        0x4 ./Drivers/STM32F1xx_HAL_Driver/Src/stm32f1xx_hal.o
                0x20000004                uwTickPrio
 .data.uwTickFreq
                0x20000008        0x1 ./Drivers/STM32F1xx_HAL_Driver/Src/stm32f1xx_hal.o
                0x20000008                uwTickFreq
 *(.RamFunc)
 *(.RamFunc*)
                0x2000000c                        . = ALIGN (0x4)
 *fill*         0x20000009        0x3 
                0x2000000c                        _edata = .

.igot.plt       0x2000000c        0x0 load address 0x080046e0
 .igot.plt      0x2000000c        0x0 C:/ST/STM32CubeIDE_2.0.0/STM32CubeIDE/plugins/com.st.stm32cube.ide.mcu.externaltools.gnu-tools-for-stm32.13.3.rel1.win32_1.0.100.202509120712/tools/bin/../lib/gcc/arm-none-eabi/13.3.1/thumb/v7-m/nofp/crtbegin.o
                0x2000000c                        . = ALIGN (0x4)

.bss            0x2000000c      0x1b0 load address 0x080046e0
                0x2000000c                        _sbss = .
                0x2000000c                        __bss_start__ = _sbss
 *(.bss)
 .bss           0x2000000c       0x1c C:/ST/STM32CubeIDE_2.0.0/STM32CubeIDE/plugins/com.st.stm32cube.ide.mcu.externaltools.gnu-tools-for-stm32.13.3.rel1.win32_1.0.100.202509120712/tools/bin/../lib/gcc/arm-none-eabi/13.3.1/thumb/v7-m/nofp/crtbegin.o
 *(.bss*)
 .bss.ctrlStatus
                0x20000028        0x4 ./Core/Src/CANSPI.o
                0x20000028                ctrlStatus
 .bss.errorStatus
                0x2000002c        0x4 ./Core/Src/CANSPI.o
                0x2000002c                errorStatus
 .bss.idReg     0x20000030        0x4 ./Core/Src/CANSPI.o
                0x20000030                idReg
 .bss.ai_state  0x20000034       0x60 ./Core/Src/ai_controller.o
 .bss.can_state
                0x20000094       0x54 ./Core/Src/can_interface.o
 .bss.transport_state
                0x200000e8       0x14 ./Core/Src/can_transport.o
 .bss.hi2c1     0x200000fc       0x54 ./Core/Src/main.o
                0x200000fc                hi2c1
 .bss.hspi1     0x20000150       0x58 ./Core/Src/main.o
                0x20000150                hspi1
 .bss.last_led_update_ms
                0x200001a8        0x4 ./Core/Src/main.o
 .bss.last_recovery_check_ms
                0x200001ac        0x4 ./Core/Src/main.o
 .bss.ai_is_operational
                0x200001b0        0x1 ./Core/Src/main.o
 *fill*         0x200001b1        0x3 
 .bss.last_toggle_time.0
                0x200001b4        0x4 ./Core/Src/main.o
 .bss.uwTick    0x200001b8        0x4 ./Drivers/STM32F1xx_HAL_Driver/Src/stm32f1xx_hal.o
                0x200001b8                uwTick
 *(COMMON)
                0x200001bc                        . = ALIGN (0x4)
                0x200001bc                        _ebss = .
                0x200001bc                        __bss_end__ = _ebss

._user_heap_stack
                0x200001bc      0x604 load address 0x080046e0
                0x200001c0                        . = ALIGN (0x8)
 *fill*         0x200001bc        0x4 
                [!provide]                        PROVIDE (end = .)
                0x200001c0                        PROVIDE (_end = .)
                0x200003c0                        . = (. + _Min_Heap_Size)
 *fill*         0x200001c0      0x200 
                0x200007c0                        . = (. + _Min_Stack_Size)
 *fill*         0x200003c0      0x400 
                0x200007c0                        . = ALIGN (0x8)

/DISCARD/
 libc.a(*)
 libm.a(*)
 libgcc.a(*)

.ARM.attributes
                0x00000000       0x29
 *(.ARM.attributes)
 .ARM.attributes
                0x00000000       0x1d C:/ST/STM32CubeIDE_2.0.0/STM32CubeIDE/plugins/com.st.stm32cube.ide.mcu.externaltools.gnu-tools-for-stm32.13.3.rel1.win32_1.0.100.202509120712/tools/bin/../lib/gcc/arm-none-eabi/13.3.1/thumb/v7-m/nofp/crti.o
 .ARM.attributes
                0x0000001d       0x2d C:/ST/STM32CubeIDE_2.0.0/STM32CubeIDE/plugins/com.st.stm32cube.ide.mcu.externaltools.gnu-tools-for-stm32.13.3.rel1.win32_1.0.100.202509120712/tools/bin/../lib/gcc/arm-none-eabi/13.3.1/thumb/v7-m/nofp/crtbegin.o
 .ARM.attributes
                0x0000004a       0x2d ./Core/Src/CANSPI.o
 .ARM.attributes
                0x00000077       0x2d ./Core/Src/MCP2515.o
 .ARM.attributes
                0x000000a4       0x2d ./Core/Src/ai_controller.o
 .ARM.attributes
                0x000000d1       0x2d ./Core/Src/can_interface.o
 .ARM.attributes
                0x000000fe       0x2d ./Core/Src/can_transport.o
 .ARM.attributes
                0x0000012b       0x2d ./Core/Src/fs_ai_protocol.o
 .ARM.attributes
                0x00000158       0x2d ./Core/Src/main.o
 .ARM.attributes
                0x00000185       0x2d ./Core/Src/stm32f1xx_hal_msp.o
 .ARM.attributes
                0x000001b2       0x2d ./Core/Src/stm32f1xx_it.o
 .ARM.attributes
                0x000001df       0x2d ./Core/Src/system_stm32f1xx.o
 .ARM.attributes
                0x0000020c       0x21 ./Core/Startup/startup_stm32f103c8tx.o
 .ARM.attributes
                0x0000022d       0x2d ./Drivers/STM32F1xx_HAL_Driver/Src/stm32f1xx_hal.o
 .ARM.attributes
                0x0000025a       0x2d ./Drivers/STM32F1xx_HAL_Driver/Src/stm32f1xx_hal_cortex.o
 .ARM.attributes
                0x00000287       0x2d ./Drivers/STM32F1xx_HAL_Driver/Src/stm32f1xx_hal_gpio.o
 .ARM.attributes
                0x000002b4       0x2d ./Drivers/STM32F1xx_HAL_Driver/Src/stm32f1xx_hal_i2c.o
 .ARM.attributes
                0x000002e1       0x2d ./Drivers/STM32F1xx_HAL_Driver/Src/stm32f1xx_hal_rcc.o
 .ARM.attributes
                0x0000030e       0x2d ./Drivers/STM32F1xx_HAL_Driver/Src/stm32f1xx_hal_spi.o
 .ARM.attributes
                0x0000033b       0x2d C:/ST/STM32CubeIDE_2.0.0/STM32CubeIDE/plugins/com.st.stm32cube.ide.mcu.externaltools.gnu-tools-for-stm32.13.3.rel1.win32_1.0.100.202509120712/tools/bin/../lib/gcc/arm-none-eabi/13.3.1/../../../../arm-none-eabi/lib/thumb/v7-m/nofp\libc_nano.a(libc_a-memset.o)
 .ARM.attributes
                0x00000368       0x2d C:/ST/STM32CubeIDE_2.0.0/STM32CubeIDE/plugins/com.st.stm32cube.ide.mcu.externaltools.gnu-tools-for-stm32.13.3.rel1.win32_1.0.100.202509120712/tools/bin/../lib/gcc/arm-none-eabi/13.3.1/../../../../arm-none-eabi/lib/thumb/v7-m/nofp\libc_nano.a(libc_a-init.o)
 .ARM.attributes
                0x00000395       0x2d C:/ST/STM32CubeIDE_2.0.0/STM32CubeIDE/plugins/com.st.stm32cube.ide.mcu.externaltools.gnu-tools-for-stm32.13.3.rel1.win32_1.0.100.202509120712/tools/bin/../lib/gcc/arm-none-eabi/13.3.1/../../../../arm-none-eabi/lib/thumb/v7-m/nofp\libc_nano.a(libc_a-memcpy-stub.o)
 .ARM.attributes
                0x000003c2       0x1d C:/ST/STM32CubeIDE_2.0.0/STM32CubeIDE/plugins/com.st.stm32cube.ide.mcu.externaltools.gnu-tools-for-stm32.13.3.rel1.win32_1.0.100.202509120712/tools/bin/../lib/gcc/arm-none-eabi/13.3.1/thumb/v7-m/nofp\libgcc.a(_arm_addsubsf3.o)
 .ARM.attributes
                0x000003df       0x1d C:/ST/STM32CubeIDE_2.0.0/STM32CubeIDE/plugins/com.st.stm32cube.ide.mcu.externaltools.gnu-tools-for-stm32.13.3.rel1.win32_1.0.100.202509120712/tools/bin/../lib/gcc/arm-none-eabi/13.3.1/thumb/v7-m/nofp\libgcc.a(_arm_muldivsf3.o)
 .ARM.attributes
                0x000003fc       0x1d C:/ST/STM32CubeIDE_2.0.0/STM32CubeIDE/plugins/com.st.stm32cube.ide.mcu.externaltools.gnu-tools-for-stm32.13.3.rel1.win32_1.0.100.202509120712/tools/bin/../lib/gcc/arm-none-eabi/13.3.1/thumb/v7-m/nofp\libgcc.a(_arm_cmpsf2.o)
 .ARM.attributes
                0x00000419       0x1d C:/ST/STM32CubeIDE_2.0.0/STM32CubeIDE/plugins/com.st.stm32cube.ide.mcu.externaltools.gnu-tools-for-stm32.13.3.rel1.win32_1.0.100.202509120712/tools/bin/../lib/gcc/arm-none-eabi/13.3.1/thumb/v7-m/nofp\libgcc.a(_arm_fixsfsi.o)
 .ARM.attributes
                0x00000436       0x1d C:/ST/STM32CubeIDE_2.0.0/STM32CubeIDE/plugins/com.st.stm32cube.ide.mcu.externaltools.gnu-tools-for-stm32.13.3.rel1.win32_1.0.100.202509120712/tools/bin/../lib/gcc/arm-none-eabi/13.3.1/thumb/v7-m/nofp\libgcc.a(_arm_fixunssfsi.o)
 .ARM.attributes
                0x00000453       0x1d C:/ST/STM32CubeIDE_2.0.0/STM32CubeIDE/plugins/com.st.stm32cube.ide.mcu.externaltools.gnu-tools-for-stm32.13.3.rel1.win32_1.0.100.202509120712/tools/bin/../lib/gcc/arm-none-eabi/13.3.1/thumb/v7-m/nofp/crtn.o
OUTPUT(CAN.elf elf32-littlearm)
LOAD linker stubs
LOAD C:/ST/STM32CubeIDE_2.0.0/STM32CubeIDE/plugins/com.st.stm32cube.ide.mcu.externaltools.gnu-tools-for-stm32.13.3.rel1.win32_1.0.100.202509120712/tools/bin/../lib/gcc/arm-none-eabi/13.3.1/../../../../arm-none-eabi/lib/thumb/v7-m/nofp\libc.a
LOAD C:/ST/STM32CubeIDE_2.0.0/STM32CubeIDE/plugins/com.st.stm32cube.ide.mcu.externaltools.gnu-tools-for-stm32.13.3.rel1.win32_1.0.100.202509120712/tools/bin/../lib/gcc/arm-none-eabi/13.3.1/../../../../arm-none-eabi/lib/thumb/v7-m/nofp\libm.a
LOAD C:/ST/STM32CubeIDE_2.0.0/STM32CubeIDE/plugins/com.st.stm32cube.ide.mcu.externaltools.gnu-tools-for-stm32.13.3.rel1.win32_1.0.100.202509120712/tools/bin/../lib/gcc/arm-none-eabi/13.3.1/thumb/v7-m/nofp\libgcc.a

.debug_info     0x00000000     0xb6c6
 .debug_info    0x00000000      0xb4f ./Core/Src/CANSPI.o
 .debug_info    0x00000b4f      0xa1c ./Core/Src/MCP2515.o
 .debug_info    0x0000156b      0xa18 ./Core/Src/ai_controller.o
 .debug_info    0x00001f83      0xb59 ./Core/Src/can_interface.o
 .debug_info    0x00002adc      0x930 ./Core/Src/can_transport.o
 .debug_info    0x0000340c      0x9bb ./Core/Src/fs_ai_protocol.o
 .debug_info    0x00003dc7     0x1208 ./Core/Src/main.o
 .debug_info    0x00004fcf      0xb36 ./Core/Src/stm32f1xx_hal_msp.o
 .debug_info    0x00005b05      0x113 ./Core/Src/stm32f1xx_it.o
 .debug_info    0x00005c18      0x222 ./Core/Src/system_stm32f1xx.o
 .debug_info    0x00005e3a       0x30 ./Core/Startup/startup_stm32f103c8tx.o
 .debug_info    0x00005e6a      0x704 ./Drivers/STM32F1xx_HAL_Driver/Src/stm32f1xx_hal.o
 .debug_info    0x0000656e      0xa87 ./Drivers/STM32F1xx_HAL_Driver/Src/stm32f1xx_hal_cortex.o
 .debug_info    0x00006ff5      0x5ab ./Drivers/STM32F1xx_HAL_Driver/Src/stm32f1xx_hal_gpio.o
 .debug_info    0x000075a0     0x2524 ./Drivers/STM32F1xx_HAL_Driver/Src/stm32f1xx_hal_i2c.o
 .debug_info    0x00009ac4      0x7d5 ./Drivers/STM32F1xx_HAL_Driver/Src/stm32f1xx_hal_rcc.o
 .debug_info    0x0000a299     0x142d ./Drivers/STM32F1xx_HAL_Driver/Src/stm32f1xx_hal_spi.o

.debug_abbrev   0x00000000     0x221a
 .debug_abbrev  0x00000000      0x266 ./Core/Src/CANSPI.o
 .debug_abbrev  0x00000266      0x26c ./Core/Src/MCP2515.o
 .debug_abbrev  0x000004d2      0x221 ./Core/Src/ai_controller.o
 .debug_abbrev  0x000006f3      0x2bd ./Core/Src/can_interface.o
 .debug_abbrev  0x000009b0      0x1ea ./Core/Src/can_transport.o
 .debug_abbrev  0x00000b9a      0x1b3 ./Core/Src/fs_ai_protocol.o
 .debug_abbrev  0x00000d4d      0x2b8 ./Core/Src/main.o
 .debug_abbrev  0x00001005      0x1ac ./Core/Src/stm32f1xx_hal_msp.o
 .debug_abbrev  0x000011b1       0x73 ./Core/Src/stm32f1xx_it.o
 .debug_abbrev  0x00001224      0x13f ./Core/Src/system_stm32f1xx.o
 .debug_abbrev  0x00001363       0x24 ./Core/Startup/startup_stm32f103c8tx.o
 .debug_abbrev  0x00001387      0x201 ./Drivers/STM32F1xx_HAL_Driver/Src/stm32f1xx_hal.o
 .debug_abbrev  0x00001588      0x2f8 ./Drivers/STM32F1xx_HAL_Driver/Src/stm32f1xx_hal_cortex.o
 .debug_abbrev  0x00001880      0x1ca ./Drivers/STM32F1xx_HAL_Driver/Src/stm32f1xx_hal_gpio.o
 .debug_abbrev  0x00001a4a      0x2a3 ./Drivers/STM32F1xx_HAL_Driver/Src/stm32f1xx_hal_i2c.o
 .debug_abbrev  0x00001ced      0x2b3 ./Drivers/STM32F1xx_HAL_Driver/Src/stm32f1xx_hal_rcc.o
 .debug_abbrev  0x00001fa0      0x27a ./Drivers/STM32F1xx_HAL_Driver/Src/stm32f1xx_hal_spi.o

.debug_aranges  0x00000000      0xc30
 .debug_aranges
                0x00000000       0x88 ./Core/Src/CANSPI.o
 .debug_aranges
                0x00000088       0xb0 ./Core/Src/MCP2515.o
 .debug_aranges
                0x00000138       0xb8 ./Core/Src/ai_controller.o
 .debug_aranges
                0x000001f0       0x88 ./Core/Src/can_interface.o
 .debug_aranges
                0x00000278       0xb0 ./Core/Src/can_transport.o
 .debug_aranges
                0x00000328       0x78 ./Core/Src/fs_ai_protocol.o
 .debug_aranges
                0x000003a0       0x60 ./Core/Src/main.o
 .debug_aranges
                0x00000400       0x40 ./Core/Src/stm32f1xx_hal_msp.o
 .debug_aranges
                0x00000440       0x60 ./Core/Src/stm32f1xx_it.o
 .debug_aranges
                0x000004a0       0x28 ./Core/Src/system_stm32f1xx.o
 .debug_aranges
                0x000004c8       0x28 ./Core/Startup/startup_stm32f103c8tx.o
 .debug_aranges
                0x000004f0       0xe0 ./Drivers/STM32F1xx_HAL_Driver/Src/stm32f1xx_hal.o
 .debug_aranges
                0x000005d0      0x100 ./Drivers/STM32F1xx_HAL_Driver/Src/stm32f1xx_hal_cortex.o
 .debug_aranges
                0x000006d0       0x58 ./Drivers/STM32F1xx_HAL_Driver/Src/stm32f1xx_hal_gpio.o
 .debug_aranges
                0x00000728      0x2a8 ./Drivers/STM32F1xx_HAL_Driver/Src/stm32f1xx_hal_i2c.o
 .debug_aranges
                0x000009d0       0x90 ./Drivers/STM32F1xx_HAL_Driver/Src/stm32f1xx_hal_rcc.o
 .debug_aranges
                0x00000a60      0x1d0 ./Drivers/STM32F1xx_HAL_Driver/Src/stm32f1xx_hal_spi.o

.debug_rnglists
                0x00000000      0x947
 .debug_rnglists
                0x00000000       0x65 ./Core/Src/CANSPI.o
 .debug_rnglists
                0x00000065       0x7f ./Core/Src/MCP2515.o
 .debug_rnglists
                0x000000e4       0x85 ./Core/Src/ai_controller.o
 .debug_rnglists
                0x00000169       0x63 ./Core/Src/can_interface.o
 .debug_rnglists
                0x000001cc       0x80 ./Core/Src/can_transport.o
 .debug_rnglists
                0x0000024c       0x5e ./Core/Src/fs_ai_protocol.o
 .debug_rnglists
                0x000002aa       0x48 ./Core/Src/main.o
 .debug_rnglists
                0x000002f2       0x2c ./Core/Src/stm32f1xx_hal_msp.o
 .debug_rnglists
                0x0000031e       0x43 ./Core/Src/stm32f1xx_it.o
 .debug_rnglists
                0x00000361       0x1a ./Core/Src/system_stm32f1xx.o
 .debug_rnglists
                0x0000037b       0x19 ./Core/Startup/startup_stm32f103c8tx.o
 .debug_rnglists
                0x00000394       0xa3 ./Drivers/STM32F1xx_HAL_Driver/Src/stm32f1xx_hal.o
 .debug_rnglists
                0x00000437       0xbb ./Drivers/STM32F1xx_HAL_Driver/Src/stm32f1xx_hal_cortex.o
 .debug_rnglists
                0x000004f2       0x3f ./Drivers/STM32F1xx_HAL_Driver/Src/stm32f1xx_hal_gpio.o
 .debug_rnglists
                0x00000531      0x23c ./Drivers/STM32F1xx_HAL_Driver/Src/stm32f1xx_hal_i2c.o
 .debug_rnglists
                0x0000076d       0x6c ./Drivers/STM32F1xx_HAL_Driver/Src/stm32f1xx_hal_rcc.o
 .debug_rnglists
                0x000007d9      0x16e ./Drivers/STM32F1xx_HAL_Driver/Src/stm32f1xx_hal_spi.o

.debug_macro    0x00000000    0x17f9a
 .debug_macro   0x00000000      0x1c8 ./Core/Src/CANSPI.o
 .debug_macro   0x000001c8      0xacc ./Core/Src/CANSPI.o
 .debug_macro   0x00000c94       0x22 ./Core/Src/CANSPI.o
 .debug_macro   0x00000cb6      0x21b ./Core/Src/CANSPI.o
 .debug_macro   0x00000ed1       0x2e ./Core/Src/CANSPI.o
 .debug_macro   0x00000eff       0x22 ./Core/Src/CANSPI.o
 .debug_macro   0x00000f21       0x22 ./Core/Src/CANSPI.o
 .debug_macro   0x00000f43       0x8e ./Core/Src/CANSPI.o
 .debug_macro   0x00000fd1       0x51 ./Core/Src/CANSPI.o
 .debug_macro   0x00001022      0x103 ./Core/Src/CANSPI.o
 .debug_macro   0x00001125       0x6a ./Core/Src/CANSPI.o
 .debug_macro   0x0000118f      0x1df ./Core/Src/CANSPI.o
 .debug_macro   0x0000136e       0x1c ./Core/Src/CANSPI.o
 .debug_macro   0x0000138a       0x22 ./Core/Src/CANSPI.o
 .debug_macro   0x000013ac       0xbd ./Core/Src/CANSPI.o
 .debug_macro   0x00001469      0xd23 ./Core/Src/CANSPI.o
 .debug_macro   0x0000218c     0xe09e ./Core/Src/CANSPI.o
 .debug_macro   0x0001022a       0x6d ./Core/Src/CANSPI.o
 .debug_macro   0x00010297     0x34a2 ./Core/Src/CANSPI.o
 .debug_macro   0x00013739      0x190 ./Core/Src/CANSPI.o
 .debug_macro   0x000138c9       0x5c ./Core/Src/CANSPI.o
 .debug_macro   0x00013925      0x5bc ./Core/Src/CANSPI.o
 .debug_macro   0x00013ee1      0x289 ./Core/Src/CANSPI.o
 .debug_macro   0x0001416a      0x1cb ./Core/Src/CANSPI.o
 .debug_macro   0x00014335      0x114 ./Core/Src/CANSPI.o
 .debug_macro   0x00014449      0x1b2 ./Core/Src/CANSPI.o
 .debug_macro   0x000145fb       0x27 ./Core/Src/CANSPI.o
 .debug_macro   0x00014622      0x136 ./Core/Src/CANSPI.o
 .debug_macro   0x00014758      0x1bc ./Core/Src/CANSPI.o
 .debug_macro   0x00014914       0x34 ./Core/Src/CANSPI.o
 .debug_macro   0x00014948       0x3c ./Core/Src/CANSPI.o
 .debug_macro   0x00014984       0x57 ./Core/Src/CANSPI.o
 .debug_macro   0x000149db       0x87 ./Core/Src/CANSPI.o
 .debug_macro   0x00014a62      0x240 ./Core/Src/CANSPI.o
 .debug_macro   0x00014ca2      0x287 ./Core/Src/CANSPI.o
 .debug_macro   0x00014f29      0x140 ./Core/Src/CANSPI.o
 .debug_macro   0x00015069      0x217 ./Core/Src/CANSPI.o
 .debug_macro   0x00015280       0x83 ./Core/Src/CANSPI.o
 .debug_macro   0x00015303       0x8e ./Core/Src/CANSPI.o
 .debug_macro   0x00015391       0x10 ./Core/Src/CANSPI.o
 .debug_macro   0x000153a1      0x1ba ./Core/Src/CANSPI.o
 .debug_macro   0x0001555b      0x1db ./Core/Src/MCP2515.o
 .debug_macro   0x00015736      0x1b4 ./Core/Src/MCP2515.o
 .debug_macro   0x000158ea      0x2b9 ./Core/Src/ai_controller.o
 .debug_macro   0x00015ba3       0x58 ./Core/Src/ai_controller.o
 .debug_macro   0x00015bfb       0x10 ./Core/Src/ai_controller.o
 .debug_macro   0x00015c0b       0x61 ./Core/Src/ai_controller.o
 .debug_macro   0x00015c6c       0x24 ./Core/Src/ai_controller.o
 .debug_macro   0x00015c90       0x43 ./Core/Src/ai_controller.o
 .debug_macro   0x00015cd3       0x34 ./Core/Src/ai_controller.o
 .debug_macro   0x00015d07      0x370 ./Core/Src/ai_controller.o
 .debug_macro   0x00016077       0x16 ./Core/Src/ai_controller.o
 .debug_macro   0x0001608d       0x4a ./Core/Src/ai_controller.o
 .debug_macro   0x000160d7       0x34 ./Core/Src/ai_controller.o
 .debug_macro   0x0001610b       0x10 ./Core/Src/ai_controller.o
 .debug_macro   0x0001611b       0x58 ./Core/Src/ai_controller.o
 .debug_macro   0x00016173       0x8e ./Core/Src/ai_controller.o
 .debug_macro   0x00016201       0x1c ./Core/Src/ai_controller.o
 .debug_macro   0x0001621d      0x185 ./Core/Src/ai_controller.o
 .debug_macro   0x000163a2       0x10 ./Core/Src/ai_controller.o
 .debug_macro   0x000163b2       0x3c ./Core/Src/ai_controller.o
 .debug_macro   0x000163ee       0x20 ./Core/Src/ai_controller.o
 .debug_macro   0x0001640e      0x2a5 ./Core/Src/can_interface.o
 .debug_macro   0x000166b3      0x2c7 ./Core/Src/can_transport.o
 .debug_macro   0x0001697a      0x2cd ./Core/Src/fs_ai_protocol.o
 .debug_macro   0x00016c47       0x52 ./Core/Src/fs_ai_protocol.o
 .debug_macro   0x00016c99      0x19b ./Core/Src/fs_ai_protocol.o
 .debug_macro   0x00016e34      0x1ef ./Core/Src/main.o
 .debug_macro   0x00017023      0x1a7 ./Core/Src/stm32f1xx_hal_msp.o
 .debug_macro   0x000171ca      0x1b1 ./Core/Src/stm32f1xx_it.o
 .debug_macro   0x0001737b      0x198 ./Core/Src/system_stm32f1xx.o
 .debug_macro   0x00017513      0x1bc ./Drivers/STM32F1xx_HAL_Driver/Src/stm32f1xx_hal.o
 .debug_macro   0x000176cf      0x198 ./Drivers/STM32F1xx_HAL_Driver/Src/stm32f1xx_hal_cortex.o
 .debug_macro   0x00017867      0x203 ./Drivers/STM32F1xx_HAL_Driver/Src/stm32f1xx_hal_gpio.o
 .debug_macro   0x00017a6a      0x1e6 ./Drivers/STM32F1xx_HAL_Driver/Src/stm32f1xx_hal_i2c.o
 .debug_macro   0x00017c50      0x1aa ./Drivers/STM32F1xx_HAL_Driver/Src/stm32f1xx_hal_rcc.o
 .debug_macro   0x00017dfa      0x1a0 ./Drivers/STM32F1xx_HAL_Driver/Src/stm32f1xx_hal_spi.o

.debug_line     0x00000000     0xe9d0
 .debug_line    0x00000000      0xa7c ./Core/Src/CANSPI.o
 .debug_line    0x00000a7c      0x95f ./Core/Src/MCP2515.o
 .debug_line    0x000013db      0xbd3 ./Core/Src/ai_controller.o
 .debug_line    0x00001fae      0xc55 ./Core/Src/can_interface.o
 .debug_line    0x00002c03      0xb0f ./Core/Src/can_transport.o
 .debug_line    0x00003712      0xd51 ./Core/Src/fs_ai_protocol.o
 .debug_line    0x00004463      0x988 ./Core/Src/main.o
 .debug_line    0x00004deb      0x783 ./Core/Src/stm32f1xx_hal_msp.o
 .debug_line    0x0000556e      0x794 ./Core/Src/stm32f1xx_it.o
 .debug_line    0x00005d02      0x764 ./Core/Src/system_stm32f1xx.o
 .debug_line    0x00006466       0x78 ./Core/Startup/startup_stm32f103c8tx.o
 .debug_line    0x000064de      0x995 ./Drivers/STM32F1xx_HAL_Driver/Src/stm32f1xx_hal.o
 .debug_line    0x00006e73      0xb5f ./Drivers/STM32F1xx_HAL_Driver/Src/stm32f1xx_hal_cortex.o
 .debug_line    0x000079d2      0x9f2 ./Drivers/STM32F1xx_HAL_Driver/Src/stm32f1xx_hal_gpio.o
 .debug_line    0x000083c4     0x3b92 ./Drivers/STM32F1xx_HAL_Driver/Src/stm32f1xx_hal_i2c.o
 .debug_line    0x0000bf56      0xe4e ./Drivers/STM32F1xx_HAL_Driver/Src/stm32f1xx_hal_rcc.o
 .debug_line    0x0000cda4     0x1c2c ./Drivers/STM32F1xx_HAL_Driver/Src/stm32f1xx_hal_spi.o

.debug_str      0x00000000    0x85dad
 .debug_str     0x00000000    0x85dad ./Core/Src/CANSPI.o
                              0x7ea88 (size before relaxing)
 .debug_str     0x00085dad        0x0 ./Core/Src/MCP2515.o
                              0x7ea8f (size before relaxing)
 .debug_str     0x00085dad        0x0 ./Core/Src/ai_controller.o
                              0x81b56 (size before relaxing)
 .debug_str     0x00085dad        0x0 ./Core/Src/can_interface.o
                              0x81b9d (size before relaxing)
 .debug_str     0x00085dad        0x0 ./Core/Src/can_transport.o
                              0x81b7c (size before relaxing)
 .debug_str     0x00085dad        0x0 ./Core/Src/fs_ai_protocol.o
                              0x820bb (size before relaxing)
 .debug_str     0x00085dad        0x0 ./Core/Src/main.o
                              0x7eeda (size before relaxing)
 .debug_str     0x00085dad        0x0 ./Core/Src/stm32f1xx_hal_msp.o
                              0x7e487 (size before relaxing)
 .debug_str     0x00085dad        0x0 ./Core/Src/stm32f1xx_it.o
                              0x7dda9 (size before relaxing)
 .debug_str     0x00085dad        0x0 ./Core/Src/system_stm32f1xx.o
                              0x7db15 (size before relaxing)
 .debug_str     0x00085dad        0x0 ./Core/Startup/startup_stm32f103c8tx.o
                                 0x5a (size before relaxing)
 .debug_str     0x00085dad        0x0 ./Drivers/STM32F1xx_HAL_Driver/Src/stm32f1xx_hal.o
                              0x7e248 (size before relaxing)
 .debug_str     0x00085dad        0x0 ./Drivers/STM32F1xx_HAL_Driver/Src/stm32f1xx_hal_cortex.o
                              0x7e194 (size before relaxing)
 .debug_str     0x00085dad        0x0 ./Drivers/STM32F1xx_HAL_Driver/Src/stm32f1xx_hal_gpio.o
                              0x7de9b (size before relaxing)
 .debug_str     0x00085dad        0x0 ./Drivers/STM32F1xx_HAL_Driver/Src/stm32f1xx_hal_i2c.o
                              0x7ebdc (size before relaxing)
 .debug_str     0x00085dad        0x0 ./Drivers/STM32F1xx_HAL_Driver/Src/stm32f1xx_hal_rcc.o
                              0x7df44 (size before relaxing)
 .debug_str     0x00085dad        0x0 ./Drivers/STM32F1xx_HAL_Driver/Src/stm32f1xx_hal_spi.o
                              0x7e43b (size before relaxing)

.comment        0x00000000       0x43
 .comment       0x00000000       0x43 ./Core/Src/CANSPI.o
                                 0x44 (size before relaxing)
 .comment       0x00000043        0x0 ./Core/Src/MCP2515.o
                                 0x44 (size before relaxing)
 .comment       0x00000043        0x0 ./Core/Src/ai_controller.o
                                 0x44 (size before relaxing)
 .comment       0x00000043        0x0 ./Core/Src/can_interface.o
                                 0x44 (size before relaxing)
 .comment       0x00000043        0x0 ./Core/Src/can_transport.o
                                 0x44 (size before relaxing)
 .comment       0x00000043        0x0 ./Core/Src/fs_ai_protocol.o
                                 0x44 (size before relaxing)
 .comment       0x00000043        0x0 ./Core/Src/main.o
                                 0x44 (size before relaxing)
 .comment       0x00000043        0x0 ./Core/Src/stm32f1xx_hal_msp.o
                                 0x44 (size before relaxing)
 .comment       0x00000043        0x0 ./Core/Src/stm32f1xx_it.o
                                 0x44 (size before relaxing)
 .comment       0x00000043        0x0 ./Core/Src/system_stm32f1xx.o
                                 0x44 (size before relaxing)
 .comment       0x00000043        0x0 ./Drivers/STM32F1xx_HAL_Driver/Src/stm32f1xx_hal.o
                                 0x44 (size before relaxing)
 .comment       0x00000043        0x0 ./Drivers/STM32F1xx_HAL_Driver/Src/stm32f1xx_hal_cortex.o
                                 0x44 (size before relaxing)
 .comment       0x00000043        0x0 ./Drivers/STM32F1xx_HAL_Driver/Src/stm32f1xx_hal_gpio.o
                                 0x44 (size before relaxing)
 .comment       0x00000043        0x0 ./Drivers/STM32F1xx_HAL_Driver/Src/stm32f1xx_hal_i2c.o
                                 0x44 (size before relaxing)
 .comment       0x00000043        0x0 ./Drivers/STM32F1xx_HAL_Driver/Src/stm32f1xx_hal_rcc.o
                                 0x44 (size before relaxing)
 .comment       0x00000043        0x0 ./Drivers/STM32F1xx_HAL_Driver/Src/stm32f1xx_hal_spi.o
                                 0x44 (size before relaxing)

.debug_frame    0x00000000     0x3270
 .debug_frame   0x00000000      0x204 ./Core/Src/CANSPI.o
 .debug_frame   0x00000204      0x2b4 ./Core/Src/MCP2515.o
 .debug_frame   0x000004b8      0x2b8 ./Core/Src/ai_controller.o
 .debug_frame   0x00000770      0x1e0 ./Core/Src/can_interface.o
 .debug_frame   0x00000950      0x290 ./Core/Src/can_transport.o
 .debug_frame   0x00000be0      0x1c0 ./Core/Src/fs_ai_protocol.o
 .debug_frame   0x00000da0      0x13c ./Core/Src/main.o
 .debug_frame   0x00000edc       0xc8 ./Core/Src/stm32f1xx_hal_msp.o
 .debug_frame   0x00000fa4      0x104 ./Core/Src/stm32f1xx_it.o
 .debug_frame   0x000010a8       0x58 ./Core/Src/system_stm32f1xx.o
 .debug_frame   0x00001100      0x334 ./Drivers/STM32F1xx_HAL_Driver/Src/stm32f1xx_hal.o
 .debug_frame   0x00001434      0x428 ./Drivers/STM32F1xx_HAL_Driver/Src/stm32f1xx_hal_cortex.o
 .debug_frame   0x0000185c      0x14c ./Drivers/STM32F1xx_HAL_Driver/Src/stm32f1xx_hal_gpio.o
 .debug_frame   0x000019a8      0xc84 ./Drivers/STM32F1xx_HAL_Driver/Src/stm32f1xx_hal_i2c.o
 .debug_frame   0x0000262c      0x218 ./Drivers/STM32F1xx_HAL_Driver/Src/stm32f1xx_hal_rcc.o
 .debug_frame   0x00002844      0x824 ./Drivers/STM32F1xx_HAL_Driver/Src/stm32f1xx_hal_spi.o
 .debug_frame   0x00003068       0x20 C:/ST/STM32CubeIDE_2.0.0/STM32CubeIDE/plugins/com.st.stm32cube.ide.mcu.externaltools.gnu-tools-for-stm32.13.3.rel1.win32_1.0.100.202509120712/tools/bin/../lib/gcc/arm-none-eabi/13.3.1/../../../../arm-none-eabi/lib/thumb/v7-m/nofp\libc_nano.a(libc_a-memset.o)
 .debug_frame   0x00003088       0x2c C:/ST/STM32CubeIDE_2.0.0/STM32CubeIDE/plugins/com.st.stm32cube.ide.mcu.externaltools.gnu-tools-for-stm32.13.3.rel1.win32_1.0.100.202509120712/tools/bin/../lib/gcc/arm-none-eabi/13.3.1/../../../../arm-none-eabi/lib/thumb/v7-m/nofp\libc_nano.a(libc_a-init.o)
 .debug_frame   0x000030b4       0x28 C:/ST/STM32CubeIDE_2.0.0/STM32CubeIDE/plugins/com.st.stm32cube.ide.mcu.externaltools.gnu-tools-for-stm32.13.3.rel1.win32_1.0.100.202509120712/tools/bin/../lib/gcc/arm-none-eabi/13.3.1/../../../../arm-none-eabi/lib/thumb/v7-m/nofp\libc_nano.a(libc_a-memcpy-stub.o)
 .debug_frame   0x000030dc       0x4c C:/ST/STM32CubeIDE_2.0.0/STM32CubeIDE/plugins/com.st.stm32cube.ide.mcu.externaltools.gnu-tools-for-stm32.13.3.rel1.win32_1.0.100.202509120712/tools/bin/../lib/gcc/arm-none-eabi/13.3.1/thumb/v7-m/nofp\libgcc.a(_arm_addsubsf3.o)
 .debug_frame   0x00003128       0x38 C:/ST/STM32CubeIDE_2.0.0/STM32CubeIDE/plugins/com.st.stm32cube.ide.mcu.externaltools.gnu-tools-for-stm32.13.3.rel1.win32_1.0.100.202509120712/tools/bin/../lib/gcc/arm-none-eabi/13.3.1/thumb/v7-m/nofp\libgcc.a(_arm_muldivsf3.o)
 .debug_frame   0x00003160       0xc8 C:/ST/STM32CubeIDE_2.0.0/STM32CubeIDE/plugins/com.st.stm32cube.ide.mcu.externaltools.gnu-tools-for-stm32.13.3.rel1.win32_1.0.100.202509120712/tools/bin/../lib/gcc/arm-none-eabi/13.3.1/thumb/v7-m/nofp\libgcc.a(_arm_cmpsf2.o)
 .debug_frame   0x00003228       0x24 C:/ST/STM32CubeIDE_2.0.0/STM32CubeIDE/plugins/com.st.stm32cube.ide.mcu.externaltools.gnu-tools-for-stm32.13.3.rel1.win32_1.0.100.202509120712/tools/bin/../lib/gcc/arm-none-eabi/13.3.1/thumb/v7-m/nofp\libgcc.a(_arm_fixsfsi.o)
 .debug_frame   0x0000324c       0x24 C:/ST/STM32CubeIDE_2.0.0/STM32CubeIDE/plugins/com.st.stm32cube.ide.mcu.externaltools.gnu-tools-for-stm32.13.3.rel1.win32_1.0.100.202509120712/tools/bin/../lib/gcc/arm-none-eabi/13.3.1/thumb/v7-m/nofp\libgcc.a(_arm_fixunssfsi.o)

.debug_line_str
                0x00000000       0x3e
 .debug_line_str
                0x00000000       0x3e ./Core/Startup/startup_stm32f103c8tx.o
