../Core/Src/can_transport.c:40:13:transport_state_init	16	static
../Core/Src/can_transport.c:53:13:transport_state_handshake	24	static
../Core/Src/can_transport.c:70:13:transport_state_ready	24	static
../Core/Src/can_transport.c:86:13:transport_state_error	16	static
../Core/Src/can_transport.c:104:13:should_transmit	24	static
../Core/Src/can_transport.c:110:13:update_watchdog	24	static
../Core/Src/can_transport.c:123:6:can_transport_init	4	static
../Core/Src/can_transport.c:130:6:can_transport_deinit	8	static
../Core/Src/can_transport.c:136:6:can_transport_reset	8	static
../Core/Src/can_transport.c:142:23:can_transport_update	24	static
../Core/Src/can_transport.c:188:23:can_transport_get_state	4	static
../Core/Src/can_transport.c:193:6:can_transport_is_ready	4	static
../Core/Src/can_transport.c:198:6:can_transport_is_error	4	static
../Core/Src/can_transport.c:203:6:can_transport_is_transmit_cycle	16	static
../Core/Src/can_transport.c:208:10:can_transport_time_to_next_transmit	24	static
../Core/Src/can_transport.c:217:23:can_transport_get_stats	48	static
../Core/Src/can_transport.c:224:21:can_transport_get_health	8	static
../Core/Src/can_transport.c:229:10:can_transport_get_last_vcu_msg_age_ms	8	static
../Core/Src/can_transport.c:234:6:can_transport_clear_stats	8	static
