../Core/Src/fs-ai_api_protocol.c:193:13:send_ai2vcu_status	32	static
../Core/Src/fs-ai_api_protocol.c:233:13:send_ai2vcu_drive_f	32	static
../Core/Src/fs-ai_api_protocol.c:253:13:send_ai2vcu_drive_r	32	static
../Core/Src/fs-ai_api_protocol.c:273:13:send_ai2vcu_steer	32	static
../Core/Src/fs-ai_api_protocol.c:289:13:send_ai2vcu_brake	32	static
../Core/Src/fs-ai_api_protocol.c:307:13:send_ai2log_dynamics2	32	static
../Core/Src/fs-ai_api_protocol.c:334:13:decode_vcu2ai_status	16	static
../Core/Src/fs-ai_api_protocol.c:375:13:decode_vcu2ai_drive_f	16	static
../Core/Src/fs-ai_api_protocol.c:391:13:decode_vcu2ai_drive_r	16	static
../Core/Src/fs-ai_api_protocol.c:407:13:decode_vcu2ai_steer	16	static
../Core/Src/fs-ai_api_protocol.c:424:13:decode_vcu2ai_brake	16	static
../Core/Src/fs-ai_api_protocol.c:440:13:decode_vcu2ai_speeds	16	static
../Core/Src/fs-ai_api_protocol.c:454:13:decode_vcu2ai_wheel_counts	16	static
../Core/Src/fs-ai_api_protocol.c:472:6:fs_ai_api_init	8	static
../Core/Src/fs-ai_api_protocol.c:484:6:fs_ai_api_process_incoming	16	static
../Core/Src/fs-ai_api_protocol.c:517:6:fs_ai_api_vcu2ai_get_data	16	static
../Core/Src/fs-ai_api_protocol.c:592:6:fs_ai_api_ai2vcu_set_data	48	static
../Core/Src/fs-ai_api_protocol.c:676:6:fs_ai_api_send_all_messages	8	static
../Core/Src/fs-ai_api_protocol.c:686:6:fs_ai_api_get_can_stats	16	static
../Core/Src/fs-ai_api_protocol.c:694:6:fs_ai_api_clear_can_stats	8	static
../Core/Src/fs-ai_api_protocol.c:698:6:fs_ai_api_is_handshake_complete	4	static
../Core/Src/fs-ai_api_protocol.c:704:6:fs_ai_api_is_comms_healthy	4	static
